[Licensing::Module] Trying to connect to existing licensing client channel...
Built from '6000.3/staging' branch; Version is '6000.3.19f1 (7689f4515d75) revision 7768564'; Using compiler version '194234433'; Build Type 'Release'
[Licensing::IpcConnector] Successfully connected to: "LicenseClient-kuert" at "2026-09-09T01:25:49.6982726Z"
OS: 'Windows 11  (10.0.26200) Professional' Language: 'pt' Physical Memory: 24339 MB
BatchMode: 1, IsHumanControllingUs: 0, StartBugReporterOnCrash: 0, Is64bit: 1
System  architecture: x64
Process architecture: x64
Date: 2026-09-09T01:25:49Z

COMMAND LINE ARGUMENTS:
C:\Program Files\Unity\Hub\Editor\6000.3.19f1\Editor\Unity.exe
-adb2
-batchMode
-noUpm
-name
AssetImportWorker3
-projectPath
C:/Users/kuert/OneDrive/Documentos/GitHub/TCC
-logFile
Logs/AssetImportWorker3.log
-srvPort
56455
-parentPid
8616
-analyticsCloudUserId
4674177058205
-analyticsCloudProjectId
c35c9055-cfd5-49d5-bdd8-1fe921a4d4e1
-analyticsLocalProjectId
dfb259ecc147af6458b2d6dea92bfb90
-licensingIpc
LicenseClient-kuert
-job-worker-count
5
-background-job-worker-count
8
-gc-helper-count
1
-name
AssetImport
Successfully changed project path to: C:/Users/kuert/OneDrive/Documentos/GitHub/TCC
C:/Users/kuert/OneDrive/Documentos/GitHub/TCC
[UnityMemory] Configuration Parameters - Can be set up in boot.config
    "memorysetup-temp-allocator-size-nav-mesh-worker=65536"
    "memorysetup-temp-allocator-size-audio-worker=65536"
    "memorysetup-temp-allocator-size-gfx=262144"
    "memorysetup-allocator-temp-initial-block-size-main=262144"
    "memorysetup-allocator-temp-initial-block-size-worker=262144"
    "memorysetup-temp-allocator-size-background-worker=32768"
    "memorysetup-temp-allocator-size-job-worker=262144"
    "memorysetup-temp-allocator-size-preload-manager=33554432"
    "memorysetup-temp-allocator-size-gi-baking-worker=262144"
    "memorysetup-temp-allocator-size-gi-baking-worker=262144"
    "memorysetup-temp-allocator-size-gi-baking-worker=262144"
    "memorysetup-temp-allocator-size-gi-baking-worker=262144"
    "memorysetup-temp-allocator-size-gi-baking-worker=262144"
    "memorysetup-bucket-allocator-granularity=16"
    "memorysetup-bucket-allocator-bucket-count=8"
    "memorysetup-bucket-allocator-block-size=33554432"
    "memorysetup-bucket-allocator-block-count=8"
    "memorysetup-main-allocator-block-size=16777216"
    "memorysetup-thread-allocator-block-size=16777216"
    "memorysetup-gfx-main-allocator-block-size=16777216"
    "memorysetup-gfx-thread-allocator-block-size=16777216"
    "memorysetup-cache-allocator-block-size=4194304"
    "memorysetup-typetree-allocator-block-size=2097152"
    "memorysetup-profiler-bucket-allocator-granularity=16"
    "memorysetup-profiler-bucket-allocator-bucket-count=8"
    "memorysetup-profiler-bucket-allocator-block-size=33554432"
    "memorysetup-profiler-bucket-allocator-block-count=8"
    "memorysetup-profiler-allocator-block-size=16777216"
    "memorysetup-profiler-editor-allocator-block-size=1048576"
    "memorysetup-temp-allocator-size-main=16777216"
    "memorysetup-job-temp-allocator-block-size=2097152"
    "memorysetup-job-temp-allocator-block-size-background=1048576"
    "memorysetup-job-temp-allocator-reduction-small-platforms=262144"
    "memorysetup-temp-allocator-size-cloud-worker=32768"
Player connection [13464]  Target information:

Player connection [13464]  * "[IP] 192.168.10.5 [Port] 0 [Flags] 2 [Guid] 3328141861 [EditorId] 3328141861 [Version] 1048832 [Id] WindowsEditor(7,nickkuerten) [Debug] 1 [PackageName] WindowsEditor [ProjectName] Editor" 

Player connection [13464] Host joined multi-casting on [225.0.0.222:54997]...
Player connection [13464] Host joined alternative multi-casting on [225.0.0.222:34997]...
JobSystem: Creating JobQueue using job-worker-count value 5
Input System module state changed to: Initialized.
[Physics::Module] Initialized fallback backend.
[Physics::Module] Id: 0xdecafbad
Library Redirect Path: Library/
[Physics::Module] Selected backend.
[Physics::Module] Name: PhysX
[Physics::Module] Id: 0xf2b8ea05
[Physics::Module] SDK Version: 4.1.2
[Physics::Module] Integration Version: 1.0.0
[Physics::Module] Threading Mode: Multi-Threaded
Refreshing native plugins compatible for Editor in 24.71 ms, found 5 plugins.
Preloading 0 native plugins for Editor in 0.00 ms.
Initialize engine version: 6000.3.19f1 (7689f4515d75)
[Subsystems] Discovering subsystems at path C:/Program Files/Unity/Hub/Editor/6000.3.19f1/Editor/Data/Resources/UnitySubsystems
[Subsystems] Discovering subsystems at path C:/Users/kuert/OneDrive/Documentos/GitHub/TCC/Assets
GfxDevice: creating device client; kGfxThreadingModeNonThreaded
d3d12: failed to query info queue interface (0x80004002).
Direct3D:
    Version:         Direct3D 12 [level 12.1]
    Renderer:        NVIDIA GeForce GTX 1650 (ID=0x1f9d)
    Vendor:          NVIDIA
    VRAM:            3935 MB
    App VRAM Budget: 3344 MB
    Driver:          32.0.16.1062
Initialize mono
Mono path[0] = 'C:/Program Files/Unity/Hub/Editor/6000.3.19f1/Editor/Data/Managed'
Mono path[1] = 'C:/Program Files/Unity/Hub/Editor/6000.3.19f1/Editor/Data/MonoBleedingEdge/lib/mono/unityjit-win32'
Mono config path = 'C:/Program Files/Unity/Hub/Editor/6000.3.19f1/Editor/Data/MonoBleedingEdge/etc'
Using monoOptions --debugger-agent=transport=dt_socket,embedding=1,server=y,suspend=n,address=127.0.0.1:56168
[Licensing::Client] Error: HandshakeResponse reported an error:
	ResponseCode: 505
	ResponseStatus: Unsupported protocol version '1.18.1'.
[Licensing::Module] Error: Failed to handshake to channel: "LicenseClient-kuert"
[Licensing::IpcConnector] LicenseClient-kuert channel disconnected successfully.
[Licensing::IpcConnector] Successfully connected to: "LicenseClient-kuert-6000.3.19" at "2026-09-09T01:25:52.5595072Z"
[Licensing::Client] Code 10 while verifying Licensing Client signature (process Id: 20216, path: "C:/Program Files/Unity/Hub/Editor/6000.3.19f1/Editor/Data/Resources/Licensing/Client/Unity.Licensing.Client.exe")
[Licensing::Module] LicensingClient has failed validation; ignoring
[Licensing::Client] Handshaking with LicensingClient:
  Version:                 1.18.1+9fbee8e
  Session Id:              690659b5d02547b88cea664db47bd890
  Correlation Id:          fe3bc0c8818e9344dba0e4fe76ef79bc
  External correlation Id: 695824653829276368
  Machine Id:              PuQEIQEX8MKgIhcx8ROaY5o+k2g=
[Licensing::Module] Successfully connected to LicensingClient on channel: "LicenseClient-kuert-6000.3.19" (connect: 0.01s, validation: 0.00s, handshake: 0.01s)
[Licensing::IpcConnector] Successfully connected to: "LicenseClient-kuert-6000.3.19-notifications" at "2026-09-09T01:25:52.5778361Z"
[Licensing::Module] Licensing Background thread has ended after 2.88s
Begin MonoManager ReloadAssembly
Registering precompiled unity dll's ...
Register platform support module: C:/Program Files/Unity/Hub/Editor/6000.3.19f1/Editor/Data/PlaybackEngines/WebGLSupport/UnityEditor.WebGL.Extensions.dll
Register platform support module: C:/Program Files/Unity/Hub/Editor/6000.3.19f1/Editor/Data/PlaybackEngines/WindowsStandaloneSupport/UnityEditor.WindowsStandalone.Extensions.dll
[Licensing::Client] Successfully resolved entitlement details
[Licensing::Module] License group:
  Id: 4674177058205-UnityPersXXXX
  Product: Unity Personal
  Type: Assigned
  Expiration: Unlimited
Register platform support module: C:/Program Files/Unity/Hub/Editor/6000.3.19f1/Editor/Data/PlaybackEngines/AndroidPlayer/UnityEditor.Android.Extensions.dll
Registered in 0.013293 seconds.
- Loaded All Assemblies, in  1.194 seconds
Native extension for Android target not found
Native extension for WindowsStandalone target not found
Native extension for WebGL target not found
Package Manager log level set to [2]
[Package Manager] Failed to launch server process. Reason: Unity was launched with the -noUpm command-line argument
[Package Manager] Unable to send message (not connected to server process).
[Package Manager] Cannot connect to Unity Package Manager local server
ScheduleIndexationOnStartup MainProcess:False IndexOnStartup:True
Mono: successfully reloaded assembly
- Finished resetting the current domain, in  1.113 seconds
Domain Reload Profiling: 2302ms
	BeginReloadAssembly (398ms)
		ExecutionOrderSort (0ms)
		DisableScriptedObjects (0ms)
		BackupInstance (0ms)
		ReleaseScriptingObjects (0ms)
		CreateAndSetChildDomain (1ms)
	RebuildCommonClasses (105ms)
	RebuildNativeTypeToScriptingClass (35ms)
	initialDomainReloadingComplete (131ms)
	LoadAllAssembliesAndSetupDomain (518ms)
		LoadAssemblies (393ms)
		RebuildTransferFunctionScriptingTraits (0ms)
		AnalyzeDomain (508ms)
			TypeCache.Refresh (503ms)
				TypeCache.ScanAssembly (462ms)
			BuildScriptInfoCaches (0ms)
			ResolveRequiredComponents (1ms)
	FinalizeReload (1114ms)
		ReleaseScriptCaches (0ms)
		RebuildScriptCaches (0ms)
		SetupLoadedEditorAssemblies (980ms)
			LogAssemblyErrors (0ms)
			InitializePlatformSupportModulesInManaged (169ms)
			SetLoadedEditorAssemblies (10ms)
			BeforeProcessingInitializeOnLoad (253ms)
			ProcessInitializeOnLoadAttributes (353ms)
			ProcessInitializeOnLoadMethodAttributes (195ms)
			AfterProcessingInitializeOnLoad (0ms)
			EditorAssembliesLoaded (0ms)
		ExecutionOrderSort2 (0ms)
		AwakeInstancesAfterBackupRestoration (0ms)
[Licensing::Client] Successfully resolved entitlement details
========================================================================
Worker process is ready to serve import requests
Import Worker Mode flag is 0x00
Begin MonoManager ReloadAssembly
- Loaded All Assemblies, in  2.512 seconds
Refreshing native plugins compatible for Editor in 5.53 ms, found 5 plugins.
Native extension for Android target not found
Native extension for WindowsStandalone target not found
Native extension for WebGL target not found
[Package Manager] Failed to launch server process. Reason: Unity was launched with the -noUpm command-line argument
[Package Manager] Unable to send message (not connected to server process).
[Package Manager] Cannot connect to Unity Package Manager local server
Refreshing native plugins compatible for Editor in 6.13 ms, found 5 plugins.
[Package Manager] Failed to launch server process. Reason: Unity was launched with the -noUpm command-line argument
[Package Manager] Unable to send message (not connected to server process).
[Package Manager] Cannot connect to Unity Package Manager local server
ScheduleIndexationOnStartup MainProcess:False IndexOnStartup:True
Mono: successfully reloaded assembly
- Finished resetting the current domain, in  2.203 seconds
Domain Reload Profiling: 4701ms
	BeginReloadAssembly (490ms)
		ExecutionOrderSort (0ms)
		DisableScriptedObjects (12ms)
		BackupInstance (0ms)
		ReleaseScriptingObjects (0ms)
		CreateAndSetChildDomain (76ms)
	RebuildCommonClasses (119ms)
	RebuildNativeTypeToScriptingClass (42ms)
	initialDomainReloadingComplete (115ms)
	LoadAllAssembliesAndSetupDomain (1731ms)
		LoadAssemblies (1073ms)
		RebuildTransferFunctionScriptingTraits (0ms)
		AnalyzeDomain (941ms)
			TypeCache.Refresh (673ms)
				TypeCache.ScanAssembly (619ms)
			BuildScriptInfoCaches (220ms)
			ResolveRequiredComponents (34ms)
	FinalizeReload (2205ms)
		ReleaseScriptCaches (0ms)
		RebuildScriptCaches (0ms)
		SetupLoadedEditorAssemblies (1794ms)
			LogAssemblyErrors (0ms)
			InitializePlatformSupportModulesInManaged (23ms)
			SetLoadedEditorAssemblies (13ms)
			BeforeProcessingInitializeOnLoad (379ms)
			ProcessInitializeOnLoadAttributes (1020ms)
			ProcessInitializeOnLoadMethodAttributes (343ms)
			AfterProcessingInitializeOnLoad (16ms)
			EditorAssembliesLoaded (1ms)
		ExecutionOrderSort2 (0ms)
		AwakeInstancesAfterBackupRestoration (19ms)
Launched and connected shader compiler UnityShaderCompiler.exe after 0.03 seconds
Refreshing native plugins compatible for Editor in 4.78 ms, found 5 plugins.
Preloading 0 native plugins for Editor in 0.00 ms.
Unloading 16 Unused Serialized files (Serialized files now loaded: 0)
Curl error 3: URL rejected: Malformed input to a URL function
Unloading 7202 unused Assets / (4.7 MB). Loaded Objects now: 8027.
Memory consumption went from 163.3 MB to 158.6 MB.
Total: 25.418200 ms (FindLiveObjects: 1.780800 ms CreateObjectMapping: 3.456200 ms MarkObjects: 13.018400 ms  DeleteObjects: 7.160100 ms)

========================================================================
Received Import Request.
  Time since last request: 2857.894212 seconds.
  path: Assets/MenuLab/imgs/jogo/livro/helpbook/06-07.png
  artifactKey: Guid(2b72976ade56d9b4dacd0d20e44d7123) Importer(2089858483,b0f066a214c2f5e87bad3c948f4d605d)
Start importing Assets/MenuLab/imgs/jogo/livro/helpbook/06-07.png using Guid(2b72976ade56d9b4dacd0d20e44d7123) Importer(2089858483,b0f066a214c2f5e87bad3c948f4d605d) (ScriptedImporter) -> (artifact id: '8041ee298373f3e36a90cd9e8fa602ea') in 1.9416409 seconds
Number of updated asset objects reloaded before import = 0Number of asset objects unloaded after import = 836

========================================================================
Received Import Request.
  Time since last request: 0.000057 seconds.
  path: Assets/MenuLab/imgs/jogo/livro/helpbook/04-05.png
  artifactKey: Guid(7294347022d7a314eb58d24c0579e69d) Importer(815301076,1909f56bfc062723c751e8b465ee728b)
Start importing Assets/MenuLab/imgs/jogo/livro/helpbook/04-05.png using Guid(7294347022d7a314eb58d24c0579e69d) Importer(815301076,1909f56bfc062723c751e8b465ee728b) (PreviewImporter) -> (artifact id: '165595b246dc0f8edfdf6c56d89bf10b') in 5.7274242 seconds
Number of updated asset objects reloaded before import = 0Number of asset objects unloaded after import = 1023

========================================================================
Received Import Request.
  Time since last request: 0.000058 seconds.
  path: Assets/MenuLab/imgs/jogo/livro/helpbook/42-43.png
  artifactKey: Guid(053d94824b5e65a4d9b465bcbd60219e) Importer(815301076,1909f56bfc062723c751e8b465ee728b)
Start importing Assets/MenuLab/imgs/jogo/livro/helpbook/42-43.png using Guid(053d94824b5e65a4d9b465bcbd60219e) Importer(815301076,1909f56bfc062723c751e8b465ee728b) (PreviewImporter) -> (artifact id: '484fbb917549d98e9ae8f4631b9da96a') in 4.7726487 seconds
Number of updated asset objects reloaded before import = 0Number of asset objects unloaded after import = 1020

========================================================================
Received Import Request.
  Time since last request: 0.000047 seconds.
  path: Assets/MenuLab/imgs/jogo/livro/helpbook/30-31.png
  artifactKey: Guid(1f3f7f371305c8442bd76f54083e99dc) Importer(815301076,1909f56bfc062723c751e8b465ee728b)
Start importing Assets/MenuLab/imgs/jogo/livro/helpbook/30-31.png using Guid(1f3f7f371305c8442bd76f54083e99dc) Importer(815301076,1909f56bfc062723c751e8b465ee728b) (PreviewImporter) -> (artifact id: '428081164e64d637f1e706fd0d197e9e') in 2.7883267 seconds
Number of updated asset objects reloaded before import = 0Number of asset objects unloaded after import = 588

========================================================================
Received Import Request.
  Time since last request: 0.000062 seconds.
  path: Assets/MenuLab/imgs/jogo/livro/helpbook/38-39.png
  artifactKey: Guid(3dedaaa7f5b4b8b4cb7af3800bed2fbf) Importer(815301076,1909f56bfc062723c751e8b465ee728b)
Start importing Assets/MenuLab/imgs/jogo/livro/helpbook/38-39.png using Guid(3dedaaa7f5b4b8b4cb7af3800bed2fbf) Importer(815301076,1909f56bfc062723c751e8b465ee728b) (PreviewImporter) -> (artifact id: 'b9c65980ea290214d14039d601c38749') in 2.6516603 seconds
Number of updated asset objects reloaded before import = 0Number of asset objects unloaded after import = 562

========================================================================
Received Import Request.
  Time since last request: 8.118495 seconds.
  path: Assets/MenuLab/imgs/jogo/livro/helpbook/08-09.png
  artifactKey: Guid(02b3b55ea87face4db3c7c99552f3597) Importer(815301076,1909f56bfc062723c751e8b465ee728b)
Start importing Assets/MenuLab/imgs/jogo/livro/helpbook/08-09.png using Guid(02b3b55ea87face4db3c7c99552f3597) Importer(815301076,1909f56bfc062723c751e8b465ee728b) (PreviewImporter) -> (artifact id: '28e6156f5f1453ceab2b825f419941a7') in 0.0551095 seconds
Number of updated asset objects reloaded before import = 0Number of asset objects unloaded after import = 3

========================================================================
Received Import Request.
  Time since last request: 0.000046 seconds.
  path: Assets/MenuLab/imgs/jogo/livro/helpbook/40-41.png
  artifactKey: Guid(838b6e88bbcd8ab4cbd2a465b116eca8) Importer(815301076,1909f56bfc062723c751e8b465ee728b)
Start importing Assets/MenuLab/imgs/jogo/livro/helpbook/40-41.png using Guid(838b6e88bbcd8ab4cbd2a465b116eca8) Importer(815301076,1909f56bfc062723c751e8b465ee728b) (PreviewImporter) -> (artifact id: '55fc6f005c30d892fc3bbb59b78ec2e5') in 0.0766715 seconds
Number of updated asset objects reloaded before import = 0Number of asset objects unloaded after import = 3

========================================================================
Received Import Request.
  Time since last request: 0.000058 seconds.
  path: Assets/MenuLab/imgs/jogo/livro/helpbook/14-15.png
  artifactKey: Guid(47e0f1d6fe62b79488bc837b38135ef4) Importer(815301076,1909f56bfc062723c751e8b465ee728b)
Start importing Assets/MenuLab/imgs/jogo/livro/helpbook/14-15.png using Guid(47e0f1d6fe62b79488bc837b38135ef4) Importer(815301076,1909f56bfc062723c751e8b465ee728b) (PreviewImporter) -> (artifact id: '07a9797395545c596f62df9382837ff9') in 0.0708368 seconds
Number of updated asset objects reloaded before import = 0Number of asset objects unloaded after import = 3

========================================================================
Received Import Request.
  Time since last request: 0.000047 seconds.
  path: Assets/MenuLab/imgs/jogo/livro/helpbook/32-33.png
  artifactKey: Guid(d5028f4f95e4a3949aff3bd7e45be374) Importer(815301076,1909f56bfc062723c751e8b465ee728b)
Start importing Assets/MenuLab/imgs/jogo/livro/helpbook/32-33.png using Guid(d5028f4f95e4a3949aff3bd7e45be374) Importer(815301076,1909f56bfc062723c751e8b465ee728b) (PreviewImporter) -> (artifact id: 'd9326a68a72e4a6b92abf9744889524d') in 0.0523235 seconds
Number of updated asset objects reloaded before import = 0Number of asset objects unloaded after import = 3

========================================================================
Received Import Request.
  Time since last request: 0.036817 seconds.
  path: Assets/MenuLab/imgs/jogo/livro/helpbook/08-09.png
  artifactKey: Guid(02b3b55ea87face4db3c7c99552f3597) Importer(2089858483,b0f066a214c2f5e87bad3c948f4d605d)
Start importing Assets/MenuLab/imgs/jogo/livro/helpbook/08-09.png using Guid(02b3b55ea87face4db3c7c99552f3597) Importer(2089858483,b0f066a214c2f5e87bad3c948f4d605d) (ScriptedImporter) -> (artifact id: 'e827c9a5490009d54fb42a359ee73ed1') in 0.245365 seconds
Number of updated asset objects reloaded before import = 0Number of asset objects unloaded after import = 3

========================================================================
Received Import Request.
  Time since last request: 0.000040 seconds.
  path: Assets/MenuLab/imgs/jogo/livro/helpbook/36-37.png
  artifactKey: Guid(d15e1ca03d729df419b24ea2a8af8cce) Importer(2089858483,b0f066a214c2f5e87bad3c948f4d605d)
Start importing Assets/MenuLab/imgs/jogo/livro/helpbook/36-37.png using Guid(d15e1ca03d729df419b24ea2a8af8cce) Importer(2089858483,b0f066a214c2f5e87bad3c948f4d605d) (ScriptedImporter) -> (artifact id: '821c09db5804cc9acc14cfc5d3a39855') in 0.1801774 seconds
Number of updated asset objects reloaded before import = 0Number of asset objects unloaded after import = 3

========================================================================
Received Import Request.
  Time since last request: 0.000122 seconds.
  path: Assets/MenuLab/imgs/jogo/livro/helpbook/00-01.png
  artifactKey: Guid(a004be8b87b5fe842bba0e1384909acb) Importer(2089858483,b0f066a214c2f5e87bad3c948f4d605d)
Start importing Assets/MenuLab/imgs/jogo/livro/helpbook/00-01.png using Guid(a004be8b87b5fe842bba0e1384909acb) Importer(2089858483,b0f066a214c2f5e87bad3c948f4d605d) (ScriptedImporter) -> (artifact id: '2f92a98ebf3fbac2325563cd4d04443b') in 0.267909 seconds
Number of updated asset objects reloaded before import = 0Number of asset objects unloaded after import = 3

========================================================================
Received Import Request.
  Time since last request: 0.000042 seconds.
  path: Assets/MenuLab/imgs/jogo/livro/helpbook/06-07.png
  artifactKey: Guid(2b72976ade56d9b4dacd0d20e44d7123) Importer(2089858483,b0f066a214c2f5e87bad3c948f4d605d)
Start importing Assets/MenuLab/imgs/jogo/livro/helpbook/06-07.png using Guid(2b72976ade56d9b4dacd0d20e44d7123) Importer(2089858483,b0f066a214c2f5e87bad3c948f4d605d) (ScriptedImporter) -> (artifact id: 'd0edb2b730313db2772b1170cfb03c76') in 0.2715882 seconds
Number of updated asset objects reloaded before import = 0Number of asset objects unloaded after import = 3

Editor requested this worker to shutdown with reason: Scaling down because of idle timeout
AssetImportWorker is now disconnected from the server
Process exiting
Exiting without the bug reporter. Application will terminate with return code 0